#doctest-2_matrix.py

""" Attempting to test doing TDD to div 2 list of list in matrix "

>>> say_my_name = __import__('3-say_my_name').say_my_name

>>> say_my_name("Betty", "Holberton")
My name is Betty Holberton

>>> say_my_name("Betty")
My name is Betty 

>>> say_my_name("John", None)
Traceback (most recent call last):
...
TypeError: last_name must be a string

>>> say_my_name(None)
Traceback (most recent call last):
...
TypeError: first_name must be a string

>>> say_my_name(1)
Traceback (most recent call last):
...
TypeError: first_name must be a string

>>> say_my_name("Betty", 0)
Traceback (most recent call last):
...
TypeError: last_name must be a string

>>> say_my_name()
Traceback (most recent call last):
...
TypeError: say_my_name() missing 1 required positional argument: 'first_name'
